// Jest Snapshot v1, https://goo.gl/fbAQLP

exports[`vlt-select renders correctly with options "red", "yellow", "blue" 1`] = `
<div
  class="Vlt-select"
>
  <select>
    <!--v-if-->
    
    <option
      value="red"
    >
      red
    </option>
    <option
      value="yellow"
    >
      yellow
    </option>
    <option
      value="blue"
    >
      blue
    </option>
    
  </select>
  <!--v-if-->
</div>
`;
