// Jest Snapshot v1, https://goo.gl/fbAQLP

exports[`vlt-tooltip renders correctly with text "Tooltip Test" 1`] = `
<span
  class="Vlt-tooltip"
>
  <vlt-icon-stub
    class="Vlt-blue"
    clickable="true"
    icon="help-negative"
    small="true"
  />
</span>
`;
